A51 MACRO ASSEMBLER  EXP2C                                                                10/17/2022 14:22:54 PAGE     1


MACRO ASSEMBLER A51 V8.02b
OBJECT MODULE PLACED IN Exp2C.OBJ
ASSEMBLER INVOKED BY: C:\Keil\C51\BIN\A51.EXE Exp2C.A51 SET(SMALL) DEBUG EP

LOC  OBJ            LINE     SOURCE

                       1     
                       2     
8100                   3                     ORG 8100H
                       4                             
8100 90E803            5                             MOV DPTR,#0XE803
8103 7480              6                             MOV A, #80H
8105 F0                7                             MOVX @DPTR,A
                       8                             
8106 7810              9                             MOV R0,#16
8108 909000           10                             MOV DPTR,#9000H
810B 7401             11                             MOV A,#1
                      12                             
810D                  13                             LOOP:
810D F0               14                                 MOVX @DPTR,A
810E A3               15                     INC DPTR
810F 04               16                     INC A                           
8110 D8FB             17                                     DJNZ R0,LOOP
                      18                         
8112                  19                             START:
8112 7810             20                             MOV R0,#16
8114 909000           21                             MOV DPTR,#9000H
                      22                             
                      23                             
8117                  24                             LOOP1:
8117 E0               25                                 MOVX A,@DPTR
8118 A982             26                                     MOV R1,DPL
811A 90E801           27                                     MOV DPTR,#0XE801
811D F0               28                                     MOVX @DPTR,A
                      29                                     
                      30                                     
811E 90E800           31                                     MOV DPTR,#0XE800
8121 E9               32                                     MOV A,R1
8122 F0               33                                     MOVX @DPTR,A
                      34                                     
8123 7AFF             35                                     MOV R2,#255
8125                  36                                     LOOP01:
8125 7B20             37                                             MOV R3,#32
8127                  38                                             LOOP02:
8127 7C37             39                                                     MOV R4,#55
8129                  40                                                     LOOP03:
8129 DCFE             41                                                             DJNZ R4,LOOP03
812B DBFA             42                                                     DJNZ R3,LOOP02
812D DAF6             43                                             DJNZ R2,LOOP01
                      44                                     
812F 909000           45                                     MOV DPTR,#9000H
8132 8982             46                                     MOV DPL,R1
8134 A3               47                                     INC DPTR
                      48                                     
8135 D8E0             49                                     DJNZ R0,LOOP1
                      50                                     
8137 80FE             51                                     PT: SJMP PT     
                      52                                     
                      53                     END
A51 MACRO ASSEMBLER  EXP2C                                                                10/17/2022 14:22:54 PAGE     2

SYMBOL TABLE LISTING
------ ----- -------


N A M E             T Y P E  V A L U E   ATTRIBUTES

DPL. . . . . . . .  D ADDR   0082H   A   
LOOP . . . . . . .  C ADDR   810DH   A   
LOOP01 . . . . . .  C ADDR   8125H   A   
LOOP02 . . . . . .  C ADDR   8127H   A   
LOOP03 . . . . . .  C ADDR   8129H   A   
LOOP1. . . . . . .  C ADDR   8117H   A   
PT . . . . . . . .  C ADDR   8137H   A   
START. . . . . . .  C ADDR   8112H   A   


REGISTER BANK(S) USED: 0 


ASSEMBLY COMPLETE.  0 WARNING(S), 0 ERROR(S)
